// Jest Snapshot v1, https://goo.gl/fbAQLP

exports[`selectors sortMovies.RATING 1`] = `
Array [
  Object {
    "budget": 1500000,
    "genres": Array [
      "Comedy",
      "Drama",
      "Romance",
    ],
    "id": 901,
    "overview": "City Lights is the first silent film that Charlie Chaplin directed after he established himself with sound accompanied films. The film is about a penniless man who falls in love with a flower girl. The film was a great success and today is deemed a cult classic.",
    "poster_path": "https://image.tmdb.org/t/p/w500/bXNvzjULc9jrOVhGfjcc64uKZmZ.jpg",
    "release_date": "1931-01-30",
    "revenue": 19181,
    "runtime": 87,
    "tagline": "True Blind Love",
    "title": "City Lights",
    "vote_average": 8.2,
    "vote_count": 581,
  },
  Object {
    "budget": 92620000,
    "genres": Array [
      "Drama",
      "Science Fiction",
    ],
    "id": 19,
    "overview": "In a futuristic city sharply divided between the working class and the city planners, the son of the city's mastermind falls in love with a working class prophet who predicts the coming of a savior to mediate their differences.",
    "poster_path": "https://image.tmdb.org/t/p/w500/qriaeUUwdmlgethK3aSAx68mG05.jpg",
    "release_date": "1927-01-10",
    "revenue": 650422,
    "runtime": 153,
    "tagline": "There can be no understanding between the hands and the brain unless the heart acts as mediator.",
    "title": "Metropolis",
    "vote_average": 8.1,
    "vote_count": 837,
  },
  Object {
    "budget": 923000,
    "genres": Array [
      "Adventure",
      "Comedy",
      "Drama",
    ],
    "id": 962,
    "overview": "A lone prospector ventures into Alaska looking for gold. He gets mixed up with some burly characters and falls in love with the beautiful Georgia. He tries to win her heart with his singular charm.",
    "poster_path": "https://image.tmdb.org/t/p/w500/eQRFo1qwRREYwj47Yoe1PisgOle.jpg",
    "release_date": "1925-06-25",
    "revenue": 2500000,
    "runtime": 95,
    "tagline": "The World's Greatest Laughing Picture!",
    "title": "The Gold Rush",
    "vote_average": 7.8,
    "vote_count": 411,
  },
  Object {
    "budget": 1250000,
    "genres": Array [
      "Drama",
      "War",
    ],
    "id": 143,
    "overview": "A young soldier faces profound disillusionment in the soul-destroying horror of World War I. Together with several other young German soldiers, he experiences the horrors of war, such evil of which he had not conceived of when signing up to fight. They eventually become sad, tormented, and confused of their purpose.",
    "poster_path": "https://image.tmdb.org/t/p/w500/9gn5ce3B2vOpk9pOGeUjmFecIo5.jpg",
    "release_date": "1930-04-29",
    "revenue": 0,
    "runtime": 133,
    "tagline": "They left for war as boys never to return as men.",
    "title": "All Quiet on the Western Front",
    "vote_average": 7.6,
    "vote_count": 216,
  },
  Object {
    "budget": 355000,
    "genres": Array [
      "Horror",
    ],
    "id": 138,
    "overview": "The legend of vampire Count Dracula begins here with this original 1931 Dracula film from Bela Lugosi.",
    "poster_path": "https://image.tmdb.org/t/p/w500/hA9kQrIwDHJKl1pt8GpJdDnBzim.jpg",
    "release_date": "1931-02-12",
    "revenue": 0,
    "runtime": 72,
    "tagline": "The story of the strangest passion the world has ever known!",
    "title": "Dracula",
    "vote_average": 7.2,
    "vote_count": 329,
  },
]
`;

exports[`selectors sortMovies.RELEASE_DATE 1`] = `
Array [
  Object {
    "budget": 355000,
    "genres": Array [
      "Horror",
    ],
    "id": 138,
    "overview": "The legend of vampire Count Dracula begins here with this original 1931 Dracula film from Bela Lugosi.",
    "poster_path": "https://image.tmdb.org/t/p/w500/hA9kQrIwDHJKl1pt8GpJdDnBzim.jpg",
    "release_date": "1931-02-12",
    "revenue": 0,
    "runtime": 72,
    "tagline": "The story of the strangest passion the world has ever known!",
    "title": "Dracula",
    "vote_average": 7.2,
    "vote_count": 329,
  },
  Object {
    "budget": 1500000,
    "genres": Array [
      "Comedy",
      "Drama",
      "Romance",
    ],
    "id": 901,
    "overview": "City Lights is the first silent film that Charlie Chaplin directed after he established himself with sound accompanied films. The film is about a penniless man who falls in love with a flower girl. The film was a great success and today is deemed a cult classic.",
    "poster_path": "https://image.tmdb.org/t/p/w500/bXNvzjULc9jrOVhGfjcc64uKZmZ.jpg",
    "release_date": "1931-01-30",
    "revenue": 19181,
    "runtime": 87,
    "tagline": "True Blind Love",
    "title": "City Lights",
    "vote_average": 8.2,
    "vote_count": 581,
  },
  Object {
    "budget": 1250000,
    "genres": Array [
      "Drama",
      "War",
    ],
    "id": 143,
    "overview": "A young soldier faces profound disillusionment in the soul-destroying horror of World War I. Together with several other young German soldiers, he experiences the horrors of war, such evil of which he had not conceived of when signing up to fight. They eventually become sad, tormented, and confused of their purpose.",
    "poster_path": "https://image.tmdb.org/t/p/w500/9gn5ce3B2vOpk9pOGeUjmFecIo5.jpg",
    "release_date": "1930-04-29",
    "revenue": 0,
    "runtime": 133,
    "tagline": "They left for war as boys never to return as men.",
    "title": "All Quiet on the Western Front",
    "vote_average": 7.6,
    "vote_count": 216,
  },
  Object {
    "budget": 92620000,
    "genres": Array [
      "Drama",
      "Science Fiction",
    ],
    "id": 19,
    "overview": "In a futuristic city sharply divided between the working class and the city planners, the son of the city's mastermind falls in love with a working class prophet who predicts the coming of a savior to mediate their differences.",
    "poster_path": "https://image.tmdb.org/t/p/w500/qriaeUUwdmlgethK3aSAx68mG05.jpg",
    "release_date": "1927-01-10",
    "revenue": 650422,
    "runtime": 153,
    "tagline": "There can be no understanding between the hands and the brain unless the heart acts as mediator.",
    "title": "Metropolis",
    "vote_average": 8.1,
    "vote_count": 837,
  },
  Object {
    "budget": 923000,
    "genres": Array [
      "Adventure",
      "Comedy",
      "Drama",
    ],
    "id": 962,
    "overview": "A lone prospector ventures into Alaska looking for gold. He gets mixed up with some burly characters and falls in love with the beautiful Georgia. He tries to win her heart with his singular charm.",
    "poster_path": "https://image.tmdb.org/t/p/w500/eQRFo1qwRREYwj47Yoe1PisgOle.jpg",
    "release_date": "1925-06-25",
    "revenue": 2500000,
    "runtime": 95,
    "tagline": "The World's Greatest Laughing Picture!",
    "title": "The Gold Rush",
    "vote_average": 7.8,
    "vote_count": 411,
  },
]
`;
